[htmlbeans.com/html/app-landing/home.html]
[backblue.gif]
[fade.gif]
[index.html]
[htmlbeans.com/html/app-landing/css/bootstrap.css]
[htmlbeans.com/html/app-landing/css/plugins.css]
[htmlbeans.com/html/app-landing/css/font-awesome.min.css]
[htmlbeans.com/html/app-landing/style.css]
[htmlbeans.com/html/app-landing/css/colors.css]
[htmlbeans.com/html/app-landing/css/responsive.css]
[htmlbeans.com/html/app-landing/images/logo2.png]
[htmlbeans.com/html/app-landing/images/logo.png]
[htmlbeans.com/html/app-landing/images/img01.jpg]
[htmlbeans.com/html/app-landing/images/img02.png]
[htmlbeans.com/html/app-landing/images/id-card.svg]
[htmlbeans.com/html/app-landing/images/clock.svg]
[htmlbeans.com/html/app-landing/images/notes.svg]
[htmlbeans.com/html/app-landing/images/calculator.svg]
[htmlbeans.com/html/app-landing/images/cleaning.png]
[htmlbeans.com/html/app-landing/images/calendar.svg]
[htmlbeans.com/html/app-landing/images/img03.png]
[htmlbeans.com/html/app-landing/images/img04.png]
[htmlbeans.com/html/app-landing/images/img05.jpg]
[htmlbeans.com/html/app-landing/images/img06.jpg]
[htmlbeans.com/html/app-landing/images/logo-1.jpg]
[htmlbeans.com/html/app-landing/images/logo-2.jpg]
[htmlbeans.com/html/app-landing/images/logo-3.jpg]
[htmlbeans.com/html/app-landing/images/logo-4.jpg]
[htmlbeans.com/html/app-landing/images/logo-5.jpg]
[htmlbeans.com/html/app-landing/images/logo-6.jpg]
[htmlbeans.com/html/app-landing/images/svg/hearts.svg]
[htmlbeans.com/html/app-landing/js/jquery.js]
[htmlbeans.com/html/app-landing/js/plugins.js]
[htmlbeans.com/html/app-landing/home.html]
[htmlbeans.com/html/app-landing/js/jquery.main.js]
[htmlbeans.com/html/app-landing/fonts/bootstrap/glyphicons-halflings-regular.eot]
[htmlbeans.com/html/app-landing/fonts/bootstrap/glyphicons-halflings-regulard41d.eot]
[htmlbeans.com/html/app-landing/fonts/bootstrap/glyphicons-halflings-regular.woff2]
[htmlbeans.com/html/app-landing/fonts/bootstrap/glyphicons-halflings-regular.woff]
[htmlbeans.com/html/app-landing/fonts/bootstrap/glyphicons-halflings-regular.ttf]
[htmlbeans.com/html/app-landing/fonts/bootstrap/glyphicons-halflings-regular.svg]
[htmlbeans.com/html/app-landing/css/bootstrap.css]
[htmlbeans.com/html/app-landing/css/overlays/02.png]
[htmlbeans.com/html/app-landing/css/plugins.css]
[htmlbeans.com/html/app-landing/fonts/fontawesome-webfont3295.eot]
[htmlbeans.com/html/app-landing/fonts/fontawesome-webfontd41d.eot]
[htmlbeans.com/html/app-landing/fonts/fontawesome-webfont3295.woff2]
[htmlbeans.com/html/app-landing/fonts/fontawesome-webfont3295.woff]
[htmlbeans.com/html/app-landing/fonts/fontawesome-webfont3295.ttf]
[htmlbeans.com/html/app-landing/css/font-awesome.min.css]
[htmlbeans.com/html/app-landing/fonts/fontawesome-webfont3295.svg]
[htmlbeans.com/html/app-landing/fonts/icomoone04c.ttf]
[htmlbeans.com/html/app-landing/fonts/icomoone04c.woff]
[htmlbeans.com/html/app-landing/fonts/icomoone04c.svg]
[htmlbeans.com/html/app-landing/images/patterns/pattern1.png]
[htmlbeans.com/html/app-landing/images/patterns/pattern2.png]
[htmlbeans.com/html/app-landing/images/patterns/pattern3.png]
[htmlbeans.com/html/app-landing/images/patterns/pattern4.png]
[htmlbeans.com/html/app-landing/images/patterns/pattern5.png]
[htmlbeans.com/html/app-landing/images/patterns/pattern6.png]
[htmlbeans.com/html/app-landing/images/patterns/pattern7.png]
[htmlbeans.com/html/app-landing/images/patterns/pattern8.png]
[htmlbeans.com/html/app-landing/images/patterns/pattern9.png]
[htmlbeans.com/html/app-landing/images/patterns/pattern10.png]
[htmlbeans.com/html/app-landing/images/patterns/pattern11.png]
[htmlbeans.com/html/app-landing/images/patterns/pattern12.png]
[htmlbeans.com/html/app-landing/images/patterns/pattern13.png]
[htmlbeans.com/html/app-landing/images/patterns/pattern14.png]
[htmlbeans.com/html/app-landing/style.css]
[htmlbeans.com/html/app-landing/css/colors.css]
[htmlbeans.com/html/app-landing/css/responsive.css]
[htmlbeans.com/html/app-landing/images/id-card.svg]
[htmlbeans.com/html/app-landing/images/clock.svg]
[htmlbeans.com/html/app-landing/images/notes.svg]
[htmlbeans.com/html/app-landing/images/calculator.svg]
[htmlbeans.com/html/app-landing/images/calendar.svg]
[htmlbeans.com/html/app-landing/images/svg/hearts.svg]
[htmlbeans.com/html/app-landing/js/jquery.js]
[htmlbeans.com/html/app-landing/Popover requires tooltip.js]
[htmlbeans.com/html/app-landing/js/plugins.js]
[htmlbeans.com/html/app-landing/js/jquery.main.js]
[htmlbeans.com/html/app-landing/fonts/bootstrap/glyphicons-halflings-regular.svg]
[htmlbeans.com/html/app-landing/css/overlays/02.html]
[htmlbeans.com/html/app-landing/fonts/fontawesome-webfont3295.svg]
[htmlbeans.com/html/app-landing/fonts/icomoone04c.svg]
[htmlbeans.com/html/app-landing/Popover requires tooltip.html]
